
> localhub@0.1.0 dev
> next dev

▲ Next.js 16.2.10 (Turbopack)
- Local:         http://localhost:3000
- Network:       http://192.168.1.5:3000
- Environments: .env.local
✓ Ready in 331ms

 GET /login 200 in 447ms (next.js: 167ms, proxy.ts: 73ms, application-code: 208ms)
 GET / 200 in 914ms (next.js: 47ms, proxy.ts: 6ms, application-code: 861ms)
 GET / 200 in 355ms (next.js: 4ms, proxy.ts: 7ms, application-code: 344ms)
 POST /api/search 200 in 937ms (next.js: 81ms, proxy.ts: 9ms, application-code: 848ms)
 GET / 200 in 448ms (next.js: 4ms, proxy.ts: 4ms, application-code: 440ms)
✓ Compiled in 483ms
 GET / 200 in 740ms (next.js: 173ms, proxy.ts: 74ms, application-code: 493ms)
 GET / 200 in 220ms (next.js: 4ms, proxy.ts: 7ms, application-code: 208ms)
 GET / 200 in 313ms (next.js: 4ms, proxy.ts: 4ms, application-code: 305ms)
 GET / 200 in 498ms (next.js: 3ms, proxy.ts: 4ms, application-code: 492ms)
 GET / 200 in 273ms (next.js: 5ms, proxy.ts: 6ms, application-code: 262ms)
 GET / 200 in 340ms (next.js: 6ms, proxy.ts: 6ms, application-code: 328ms)
 GET / 200 in 180ms (next.js: 5ms, proxy.ts: 4ms, application-code: 171ms)
 GET / 200 in 229ms (next.js: 3ms, proxy.ts: 4ms, application-code: 221ms)
 GET / 200 in 276ms (next.js: 3ms, proxy.ts: 4ms, application-code: 269ms)
 GET / 200 in 239ms (next.js: 3ms, proxy.ts: 4ms, application-code: 232ms)
 GET / 200 in 330ms (next.js: 3ms, proxy.ts: 5ms, application-code: 322ms)
 GET / 200 in 190ms (next.js: 8ms, proxy.ts: 5ms, application-code: 178ms)
 GET / 200 in 181ms (next.js: 3ms, proxy.ts: 3ms, application-code: 174ms)
 GET / 200 in 369ms (next.js: 8ms, proxy.ts: 7ms, application-code: 354ms)
 GET / 200 in 268ms (next.js: 4ms, proxy.ts: 3ms, application-code: 261ms)
 GET / 200 in 294ms (next.js: 3ms, proxy.ts: 3ms, application-code: 288ms)
 GET / 200 in 249ms (next.js: 10ms, proxy.ts: 5ms, application-code: 235ms)
 GET / 200 in 207ms (next.js: 9ms, proxy.ts: 8ms, application-code: 190ms)
 GET / 200 in 137ms (next.js: 3ms, proxy.ts: 4ms, application-code: 130ms)
 GET / 200 in 228ms (next.js: 5ms, proxy.ts: 5ms, application-code: 218ms)
 GET / 200 in 146ms (next.js: 10ms, proxy.ts: 5ms, application-code: 131ms)
 GET / 200 in 164ms (next.js: 4ms, proxy.ts: 6ms, application-code: 154ms)
 GET / 200 in 308ms (next.js: 3ms, proxy.ts: 4ms, application-code: 300ms)
 GET / 200 in 379ms (next.js: 4ms, proxy.ts: 4ms, application-code: 371ms)
 GET / 200 in 187ms (next.js: 4ms, proxy.ts: 5ms, application-code: 178ms)
 GET / 200 in 155ms (next.js: 3ms, proxy.ts: 4ms, application-code: 148ms)
 GET / 200 in 114ms (next.js: 4ms, proxy.ts: 4ms, application-code: 106ms)
 GET / 200 in 141ms (next.js: 4ms, proxy.ts: 4ms, application-code: 133ms)
 GET / 200 in 105ms (next.js: 3ms, proxy.ts: 3ms, application-code: 99ms)
 GET / 200 in 158ms (next.js: 12ms, proxy.ts: 4ms, application-code: 142ms)
✓ Compiled in 186ms
 GET / 200 in 560ms (next.js: 111ms, proxy.ts: 22ms, application-code: 427ms)
 GET / 200 in 131ms (next.js: 4ms, proxy.ts: 4ms, application-code: 123ms)
 GET / 200 in 137ms (next.js: 1950µs, proxy.ts: 2ms, application-code: 133ms)
 GET / 200 in 211ms (next.js: 2ms, proxy.ts: 3ms, application-code: 206ms)
 GET / 200 in 133ms (next.js: 4ms, proxy.ts: 4ms, application-code: 126ms)
 GET / 200 in 312ms (next.js: 3ms, proxy.ts: 3ms, application-code: 307ms)
 GET / 200 in 148ms (next.js: 3ms, proxy.ts: 3ms, application-code: 142ms)
 GET / 200 in 312ms (next.js: 2ms, proxy.ts: 3ms, application-code: 307ms)
 GET / 200 in 538ms (next.js: 3ms, proxy.ts: 10ms, application-code: 525ms)
 GET /assistant 307 in 88ms (next.js: 38ms, proxy.ts: 4ms, application-code: 46ms)
 GET / 200 in 261ms (next.js: 7ms, proxy.ts: 6ms, application-code: 248ms)
 GET /ricerca?q=cane 200 in 2.4s (next.js: 125ms, proxy.ts: 8ms, application-code: 2.3s)
 GET / 200 in 273ms (next.js: 5ms, proxy.ts: 9ms, application-code: 260ms)
 GET / 200 in 230ms (next.js: 3ms, proxy.ts: 4ms, application-code: 223ms)
 GET /assistant 200 in 18ms (next.js: 3ms, proxy.ts: 2ms, application-code: 12ms)
 GET / 200 in 202ms (next.js: 4ms, proxy.ts: 3ms, application-code: 195ms)
 GET / 200 in 112ms (next.js: 3ms, proxy.ts: 3ms, application-code: 107ms)
 GET /assistant 200 in 20ms (next.js: 3ms, proxy.ts: 3ms, application-code: 14ms)
 GET / 200 in 193ms (next.js: 3ms, proxy.ts: 3ms, application-code: 187ms)
 GET / 200 in 119ms (next.js: 2ms, proxy.ts: 3ms, application-code: 114ms)
 GET / 200 in 8ms (next.js: 3ms, proxy.ts: 2ms, application-code: 3ms)
 GET / 200 in 114ms (next.js: 3ms, proxy.ts: 3ms, application-code: 108ms)
 GET /assistant 200 in 20ms (next.js: 3ms, proxy.ts: 3ms, application-code: 14ms)
 GET / 200 in 123ms (next.js: 3ms, proxy.ts: 3ms, application-code: 117ms)
 GET / 200 in 106ms (next.js: 2ms, proxy.ts: 3ms, application-code: 101ms)
 GET / 200 in 337ms (next.js: 8ms, proxy.ts: 7ms, application-code: 322ms)
 GET / 200 in 133ms (next.js: 3ms, proxy.ts: 7ms, application-code: 123ms)
 GET /assistant 307 in 63ms (next.js: 7ms, proxy.ts: 7ms, application-code: 49ms)
 GET / 200 in 167ms (next.js: 2ms, proxy.ts: 18ms, application-code: 146ms)
 GET /assistant 307 in 50ms (next.js: 4ms, proxy.ts: 7ms, application-code: 39ms)
 GET / 200 in 137ms (next.js: 1761µs, proxy.ts: 4ms, application-code: 132ms)
 GET / 200 in 416ms (next.js: 3ms, proxy.ts: 3ms, application-code: 409ms)
 GET /negozi 200 in 304ms (next.js: 85ms, proxy.ts: 3ms, application-code: 217ms)
 GET /ricerca 200 in 24ms (next.js: 4ms, proxy.ts: 5ms, application-code: 16ms)
 GET / 200 in 197ms (next.js: 3ms, proxy.ts: 2ms, application-code: 191ms)
✓ Compiled in 112ms
 GET / 200 in 373ms (next.js: 90ms, proxy.ts: 49ms, application-code: 234ms)
 GET / 200 in 118ms (next.js: 3ms, proxy.ts: 4ms, application-code: 112ms)
✓ Compiled in 70ms
 GET / 200 in 235ms (next.js: 87ms, proxy.ts: 24ms, application-code: 123ms)
 GET / 200 in 99ms (next.js: 3ms, proxy.ts: 5ms, application-code: 91ms)
 GET / 200 in 92ms (next.js: 4ms, proxy.ts: 4ms, application-code: 85ms)
 GET / 200 in 171ms (next.js: 2ms, proxy.ts: 3ms, application-code: 165ms)
 GET / 200 in 103ms (next.js: 3ms, proxy.ts: 4ms, application-code: 96ms)
 GET / 200 in 116ms (next.js: 3ms, proxy.ts: 3ms, application-code: 109ms)
 GET / 200 in 87ms (next.js: 2ms, proxy.ts: 3ms, application-code: 82ms)
 GET / 200 in 299ms (next.js: 70ms, proxy.ts: 21ms, application-code: 208ms)
 GET / 200 in 285ms (next.js: 64ms, proxy.ts: 17ms, application-code: 204ms)
 GET / 200 in 98ms (next.js: 4ms, proxy.ts: 3ms, application-code: 91ms)
 GET / 200 in 199ms (next.js: 4ms, proxy.ts: 2ms, application-code: 192ms)
 GET / 200 in 434ms (next.js: 4ms, proxy.ts: 4ms, application-code: 426ms)
✓ Compiled in 60ms
 GET / 200 in 333ms (next.js: 100ms, proxy.ts: 22ms, application-code: 210ms)
 GET / 200 in 105ms (next.js: 4ms, proxy.ts: 3ms, application-code: 98ms)
✓ Compiled in 143ms
 GET / 200 in 329ms (next.js: 98ms, proxy.ts: 31ms, application-code: 201ms)
 GET / 200 in 101ms (next.js: 3ms, proxy.ts: 4ms, application-code: 95ms)
 GET / 200 in 193ms (next.js: 2ms, proxy.ts: 2ms, application-code: 189ms)
 GET / 200 in 257ms (next.js: 3ms, proxy.ts: 3ms, application-code: 250ms)
 GET / 200 in 110ms (next.js: 1930µs, proxy.ts: 4ms, application-code: 105ms)
 GET / 200 in 367ms (next.js: 109ms, proxy.ts: 6ms, application-code: 252ms)
 GET / 200 in 154ms (next.js: 3ms, proxy.ts: 20ms, application-code: 131ms)
 GET / 200 in 414ms (next.js: 106ms, proxy.ts: 5ms, application-code: 303ms)
 GET / 200 in 113ms (next.js: 2ms, proxy.ts: 20ms, application-code: 91ms)
✓ Compiled in 101ms
 GET / 200 in 333ms (next.js: 84ms, proxy.ts: 20ms, application-code: 229ms)
 GET / 200 in 114ms (next.js: 4ms, proxy.ts: 3ms, application-code: 107ms)
 GET / 200 in 388ms (next.js: 137ms, proxy.ts: 6ms, application-code: 245ms)
 GET / 200 in 126ms (next.js: 3ms, proxy.ts: 18ms, application-code: 105ms)
 GET / 200 in 379ms (next.js: 110ms, proxy.ts: 6ms, application-code: 263ms)
 GET / 200 in 108ms (next.js: 3ms, proxy.ts: 15ms, application-code: 90ms)
✓ Compiled in 116ms
 GET / 200 in 363ms (next.js: 94ms, proxy.ts: 21ms, application-code: 247ms)
 GET / 200 in 116ms (next.js: 6ms, proxy.ts: 7ms, application-code: 103ms)
✓ Compiled in 171ms
 GET / 200 in 448ms (next.js: 116ms, proxy.ts: 22ms, application-code: 311ms)
 GET / 200 in 107ms (next.js: 2ms, proxy.ts: 4ms, application-code: 101ms)
 GET / 200 in 176ms (next.js: 3ms, proxy.ts: 5ms, application-code: 168ms)
 GET / 200 in 161ms (next.js: 3ms, proxy.ts: 3ms, application-code: 154ms)
 GET / 200 in 131ms (next.js: 3ms, proxy.ts: 4ms, application-code: 124ms)
 GET / 200 in 202ms (next.js: 4ms, proxy.ts: 5ms, application-code: 194ms)
 GET / 200 in 174ms (next.js: 1818µs, proxy.ts: 3ms, application-code: 170ms)
 GET / 200 in 166ms (next.js: 4ms, proxy.ts: 3ms, application-code: 158ms)
 GET / 200 in 185ms (next.js: 1823µs, proxy.ts: 3ms, application-code: 180ms)
 GET / 200 in 219ms (next.js: 3ms, proxy.ts: 5ms, application-code: 210ms)
 GET / 200 in 218ms (next.js: 3ms, proxy.ts: 5ms, application-code: 210ms)
 GET / 200 in 195ms (next.js: 2ms, proxy.ts: 3ms, application-code: 190ms)
 GET / 200 in 133ms (next.js: 2ms, proxy.ts: 3ms, application-code: 127ms)
 GET / 200 in 190ms (next.js: 4ms, proxy.ts: 3ms, application-code: 183ms)
 GET / 200 in 175ms (next.js: 3ms, proxy.ts: 3ms, application-code: 170ms)
 GET / 200 in 208ms (next.js: 3ms, proxy.ts: 4ms, application-code: 201ms)
 GET / 200 in 262ms (next.js: 3ms, proxy.ts: 4ms, application-code: 255ms)
✓ Compiled in 79ms
 GET / 200 in 395ms (next.js: 128ms, proxy.ts: 28ms, application-code: 239ms)
 GET / 200 in 110ms (next.js: 4ms, proxy.ts: 3ms, application-code: 103ms)
 GET / 200 in 167ms (next.js: 2ms, proxy.ts: 3ms, application-code: 162ms)
 GET / 200 in 103ms (next.js: 3ms, proxy.ts: 3ms, application-code: 96ms)
 GET / 200 in 110ms (next.js: 3ms, proxy.ts: 3ms, application-code: 103ms)
 GET / 200 in 101ms (next.js: 3ms, proxy.ts: 3ms, application-code: 95ms)
 GET / 200 in 106ms (next.js: 3ms, proxy.ts: 3ms, application-code: 101ms)
 GET / 200 in 103ms (next.js: 3ms, proxy.ts: 4ms, application-code: 95ms)
 GET / 200 in 109ms (next.js: 4ms, proxy.ts: 4ms, application-code: 102ms)
 GET / 200 in 104ms (next.js: 3ms, proxy.ts: 3ms, application-code: 99ms)
 GET / 200 in 94ms (next.js: 4ms, proxy.ts: 3ms, application-code: 88ms)
 GET / 200 in 104ms (next.js: 11ms, proxy.ts: 3ms, application-code: 90ms)
 GET / 200 in 97ms (next.js: 2ms, proxy.ts: 3ms, application-code: 91ms)
 GET / 200 in 113ms (next.js: 3ms, proxy.ts: 3ms, application-code: 106ms)
 GET / 200 in 214ms (next.js: 3ms, proxy.ts: 3ms, application-code: 208ms)
 GET / 200 in 96ms (next.js: 3ms, proxy.ts: 4ms, application-code: 90ms)
 GET / 200 in 184ms (next.js: 3ms, proxy.ts: 4ms, application-code: 178ms)
 GET / 200 in 441ms (next.js: 3ms, proxy.ts: 4ms, application-code: 434ms)
 GET / 200 in 157ms (next.js: 2ms, proxy.ts: 6ms, application-code: 149ms)
 GET / 200 in 282ms (next.js: 4ms, proxy.ts: 4ms, application-code: 275ms)
 GET /merchant 200 in 99ms (next.js: 40ms, proxy.ts: 2ms, application-code: 56ms)
 GET /login 200 in 55ms (next.js: 29ms, proxy.ts: 3ms, application-code: 23ms)
 GET /login 200 in 29ms (next.js: 2ms, proxy.ts: 2ms, application-code: 24ms)
 POST /api/auth/login 307 in 904ms (next.js: 434ms, proxy.ts: 4ms, application-code: 466ms)
 POST /login?error=Invalid+login+credentials 200 in 48ms (next.js: 3ms, proxy.ts: 5ms, application-code: 40ms)
 POST /api/search 200 in 1666ms (next.js: 27ms, proxy.ts: 5ms, application-code: 1634ms)
 GET /login 200 in 48ms (next.js: 3ms, proxy.ts: 3ms, application-code: 42ms)
 GET / 200 in 213ms (next.js: 2ms, proxy.ts: 3ms, application-code: 207ms)
 GET / 200 in 927ms (next.js: 103ms, proxy.ts: 69ms, application-code: 754ms)
✓ Compiled in 210ms
 GET / 200 in 457ms (next.js: 78ms, proxy.ts: 36ms, application-code: 343ms)
 GET / 200 in 125ms (next.js: 3ms, proxy.ts: 4ms, application-code: 117ms)
 GET / 200 in 194ms (next.js: 2ms, proxy.ts: 3ms, application-code: 189ms)
 GET / 200 in 178ms (next.js: 4ms, proxy.ts: 5ms, application-code: 169ms)
 GET / 200 in 189ms (next.js: 5ms, proxy.ts: 4ms, application-code: 180ms)
 GET / 200 in 221ms (next.js: 3ms, proxy.ts: 4ms, application-code: 214ms)
✓ Compiled in 67ms
 GET / 200 in 370ms (next.js: 100ms, proxy.ts: 20ms, application-code: 251ms)
 GET / 200 in 159ms (next.js: 2ms, proxy.ts: 4ms, application-code: 152ms)
 GET / 200 in 204ms (next.js: 4ms, proxy.ts: 3ms, application-code: 197ms)
✓ Compiled in 75ms
 GET / 200 in 308ms (next.js: 70ms, proxy.ts: 18ms, application-code: 220ms)
 GET / 200 in 102ms (next.js: 4ms, proxy.ts: 7ms, application-code: 90ms)
 GET / 200 in 180ms (next.js: 9ms, proxy.ts: 7ms, application-code: 163ms)
✓ Compiled in 118ms
 GET / 200 in 485ms (next.js: 97ms, proxy.ts: 32ms, application-code: 356ms)
 GET / 200 in 107ms (next.js: 2ms, proxy.ts: 4ms, application-code: 101ms)
 GET / 200 in 131ms (next.js: 6ms, proxy.ts: 4ms, application-code: 121ms)
 GET / 200 in 165ms (next.js: 3ms, proxy.ts: 4ms, application-code: 158ms)
 GET / 200 in 102ms (next.js: 2ms, proxy.ts: 3ms, application-code: 97ms)
 GET / 200 in 95ms (next.js: 2ms, proxy.ts: 4ms, application-code: 89ms)
 GET / 200 in 110ms (next.js: 3ms, proxy.ts: 2ms, application-code: 105ms)
 GET / 200 in 250ms (next.js: 121ms, proxy.ts: 4ms, application-code: 125ms)
 GET / 200 in 187ms (next.js: 4ms, proxy.ts: 15ms, application-code: 168ms)
✓ Compiled in 52ms
 GET / 200 in 349ms (next.js: 124ms, proxy.ts: 29ms, application-code: 196ms)
 GET / 200 in 95ms (next.js: 1939µs, proxy.ts: 3ms, application-code: 90ms)
✓ Compiled in 69ms
 GET / 200 in 325ms (next.js: 89ms, proxy.ts: 24ms, application-code: 213ms)
 GET / 200 in 318ms (next.js: 4ms, proxy.ts: 2ms, application-code: 311ms)
 GET / 200 in 354ms (next.js: 122ms, proxy.ts: 4ms, application-code: 229ms)
 GET / 200 in 129ms (next.js: 5ms, proxy.ts: 14ms, application-code: 111ms)
✓ Compiled in 65ms
 GET / 200 in 378ms (next.js: 85ms, proxy.ts: 19ms, application-code: 273ms)
 GET / 200 in 146ms (next.js: 1806µs, proxy.ts: 3ms, application-code: 142ms)
 GET / 200 in 180ms (next.js: 1906µs, proxy.ts: 3ms, application-code: 176ms)
 GET / 200 in 108ms (next.js: 3ms, proxy.ts: 3ms, application-code: 103ms)
 GET / 200 in 98ms (next.js: 2ms, proxy.ts: 4ms, application-code: 91ms)
 GET / 200 in 114ms (next.js: 2ms, proxy.ts: 4ms, application-code: 107ms)
 GET / 200 in 98ms (next.js: 2ms, proxy.ts: 3ms, application-code: 93ms)
✓ Compiled in 58ms
 GET / 200 in 265ms (next.js: 128ms, proxy.ts: 18ms, application-code: 118ms)
 GET / 200 in 103ms (next.js: 1749µs, proxy.ts: 4ms, application-code: 98ms)
✓ Compiled in 143ms
  Reload env: .env.local
✓ Compiled in 140ms
 GET / 200 in 1123ms (next.js: 230ms, proxy.ts: 36ms, application-code: 857ms)
✓ Compiled in 62ms
 GET / 200 in 516ms (next.js: 96ms, proxy.ts: 25ms, application-code: 395ms)
 GET / 200 in 111ms (next.js: 1899µs, proxy.ts: 3ms, application-code: 106ms)
✓ Compiled in 74ms
 GET / 200 in 310ms (next.js: 99ms, proxy.ts: 19ms, application-code: 192ms)
 GET / 200 in 103ms (next.js: 3ms, proxy.ts: 5ms, application-code: 95ms)
✓ Compiled in 68ms
 GET / 200 in 275ms (next.js: 69ms, proxy.ts: 18ms, application-code: 188ms)
 GET / 200 in 117ms (next.js: 10ms, proxy.ts: 3ms, application-code: 104ms)
✓ Compiled in 58ms
 GET / 200 in 250ms (next.js: 81ms, proxy.ts: 26ms, application-code: 143ms)
 GET / 200 in 107ms (next.js: 3ms, proxy.ts: 4ms, application-code: 100ms)
✓ Compiled in 59ms
 GET / 200 in 435ms (next.js: 93ms, proxy.ts: 23ms, application-code: 318ms)
 GET / 200 in 113ms (next.js: 5ms, proxy.ts: 4ms, application-code: 104ms)
✓ Compiled in 203ms
 GET / 200 in 680ms (next.js: 96ms, proxy.ts: 26ms, application-code: 558ms)
 GET / 200 in 134ms (next.js: 4ms, proxy.ts: 4ms, application-code: 126ms)
 GET / 200 in 114ms (next.js: 3ms, proxy.ts: 4ms, application-code: 107ms)
 GET / 200 in 222ms (next.js: 4ms, proxy.ts: 3ms, application-code: 215ms)
 GET / 200 in 109ms (next.js: 4ms, proxy.ts: 2ms, application-code: 102ms)
 GET / 200 in 120ms (next.js: 2ms, proxy.ts: 4ms, application-code: 113ms)
 GET / 200 in 170ms (next.js: 4ms, proxy.ts: 3ms, application-code: 163ms)
 GET / 200 in 137ms (next.js: 5ms, proxy.ts: 5ms, application-code: 128ms)
 GET / 200 in 110ms (next.js: 4ms, proxy.ts: 3ms, application-code: 103ms)
 GET / 200 in 98ms (next.js: 2ms, proxy.ts: 3ms, application-code: 93ms)
 GET / 200 in 108ms (next.js: 4ms, proxy.ts: 5ms, application-code: 99ms)
 GET / 200 in 105ms (next.js: 4ms, proxy.ts: 2ms, application-code: 99ms)
 GET / 200 in 102ms (next.js: 1825µs, proxy.ts: 3ms, application-code: 97ms)
 GET / 200 in 99ms (next.js: 2ms, proxy.ts: 4ms, application-code: 93ms)
 GET / 200 in 109ms (next.js: 2ms, proxy.ts: 3ms, application-code: 103ms)
 GET / 200 in 105ms (next.js: 3ms, proxy.ts: 3ms, application-code: 98ms)
 GET / 500 in 390ms (next.js: 236ms, proxy.ts: 3ms, application-code: 152ms)
 GET / 500 in 18ms (next.js: 7ms, proxy.ts: 4ms, application-code: 7ms)
 GET / 500 in 14ms (next.js: 5ms, proxy.ts: 3ms, application-code: 6ms)
✓ Compiled in 103ms
 GET / 200 in 781ms (next.js: 93ms, proxy.ts: 75ms, application-code: 613ms)
 GET / 200 in 317ms (next.js: 86ms, proxy.ts: 20ms, application-code: 211ms)
 GET / 200 in 375ms (next.js: 140ms, proxy.ts: 3ms, application-code: 232ms)
 GET / 200 in 318ms (next.js: 72ms, proxy.ts: 23ms, application-code: 224ms)
 GET / 200 in 109ms (next.js: 3ms, proxy.ts: 4ms, application-code: 102ms)
 GET / 200 in 210ms (next.js: 1949µs, proxy.ts: 5ms, application-code: 203ms)
 GET / 200 in 102ms (next.js: 1819µs, proxy.ts: 3ms, application-code: 96ms)
✓ Compiled in 75ms
 GET / 200 in 230ms (next.js: 74ms, proxy.ts: 20ms, application-code: 137ms)
 GET / 200 in 101ms (next.js: 3ms, proxy.ts: 2ms, application-code: 96ms)
 GET / 200 in 145ms (next.js: 1889µs, proxy.ts: 3ms, application-code: 140ms)
✓ Compiled in 230ms
 GET / 200 in 310ms (next.js: 84ms, proxy.ts: 24ms, application-code: 202ms)
 GET / 200 in 104ms (next.js: 2ms, proxy.ts: 3ms, application-code: 98ms)
 GET / 200 in 183ms (next.js: 2ms, proxy.ts: 4ms, application-code: 177ms)
✓ Compiled in 62ms
 GET / 200 in 276ms (next.js: 73ms, proxy.ts: 18ms, application-code: 185ms)
 GET / 200 in 117ms (next.js: 3ms, proxy.ts: 5ms, application-code: 110ms)
✓ Compiled in 66ms
 GET / 200 in 362ms (next.js: 89ms, proxy.ts: 20ms, application-code: 253ms)
 GET / 200 in 98ms (next.js: 2ms, proxy.ts: 3ms, application-code: 92ms)
 GET / 200 in 229ms (next.js: 3ms, proxy.ts: 4ms, application-code: 222ms)
✓ Compiled in 57ms
 GET / 200 in 293ms (next.js: 68ms, proxy.ts: 19ms, application-code: 206ms)
 GET / 200 in 105ms (next.js: 3ms, proxy.ts: 6ms, application-code: 96ms)
 GET / 404 in 195ms (next.js: -10772µs, proxy.ts: 193ms, application-code: 13ms)
 GET / 500 in 53ms (next.js: -7795µs, proxy.ts: 49ms, application-code: 11ms)
✓ Compiled in 77ms
 GET / 200 in 478ms (next.js: 71ms, proxy.ts: 43ms, application-code: 364ms)
 GET / 200 in 500ms (next.js: 4ms, proxy.ts: 5ms, application-code: 492ms)
 GET /merchant 307 in 301ms (next.js: 125ms, proxy.ts: 6ms, application-code: 170ms)
 GET /login 200 in 230ms (next.js: 61ms, proxy.ts: 6ms, application-code: 162ms)
 GET / 200 in 225ms (next.js: 5ms, proxy.ts: 4ms, application-code: 217ms)
 POST /api/auth/login 307 in 510ms (next.js: 97ms, proxy.ts: 7ms, application-code: 406ms)
 GET / 200 in 254ms (next.js: 2ms, proxy.ts: 4ms, application-code: 248ms)
 GET /login 200 in 132ms (next.js: 3ms, proxy.ts: 88ms, application-code: 40ms)
 GET /ricerca?q=Gates+ 200 in 1350ms (next.js: 168ms, proxy.ts: 142ms, application-code: 1040ms)
 POST /api/auth/register 307 in 696ms (next.js: 267ms, proxy.ts: 4ms, application-code: 425ms)
 POST /api/auth/login 307 in 106ms (next.js: 3ms, proxy.ts: 4ms, application-code: 100ms)
 POST /api/ricerca-ai 200 in 854ms (next.js: 46ms, proxy.ts: 3ms, application-code: 804ms)
 POST /api/search 200 in 565ms (next.js: 42ms, proxy.ts: 5ms, application-code: 518ms)
 POST /api/ricerca-ai 400 in 10ms (next.js: 2ms, proxy.ts: 4ms, application-code: 4ms)
 GET /ricerca?q=Gates+ 200 in 1013ms (next.js: 4ms, proxy.ts: 202ms, application-code: 807ms)
 POST /api/auth/register 307 in 1048ms (next.js: 3ms, proxy.ts: 4ms, application-code: 1042ms)
 POST /api/ricerca-ai 200 in 581ms (next.js: 3ms, proxy.ts: 4ms, application-code: 574ms)
 POST /api/ricerca-ai 200 in 495ms (next.js: 3ms, proxy.ts: 5ms, application-code: 487ms)
 POST /api/ricerca-ai 200 in 527ms (next.js: 4ms, proxy.ts: 3ms, application-code: 520ms)
 POST /api/ricerca-ai 200 in 405ms (next.js: 3ms, proxy.ts: 4ms, application-code: 398ms)
 POST /api/search 200 in 569ms (next.js: 3ms, proxy.ts: 4ms, application-code: 563ms)
 POST /api/search 200 in 455ms (next.js: 3ms, proxy.ts: 6ms, application-code: 447ms)
 POST /api/search 200 in 542ms (next.js: 3ms, proxy.ts: 3ms, application-code: 536ms)
 POST /api/search 200 in 422ms (next.js: 2ms, proxy.ts: 6ms, application-code: 413ms)
 POST /api/ricerca-ai 400 in 11ms (next.js: 3ms, proxy.ts: 4ms, application-code: 4ms)
 POST /api/search 500 in 24ms (next.js: 7ms, proxy.ts: 4ms, application-code: 13ms)
 GET /api/ricerca-ai 405 in 11ms (next.js: 4ms, proxy.ts: 5ms, application-code: 3ms)
 GET /merchant 307 in 51ms (next.js: 3ms, proxy.ts: 4ms, application-code: 44ms)
 GET /ricerca?q=Gates+ 200 in 1033ms (next.js: 5ms, proxy.ts: 184ms, application-code: 845ms)
